{
    "scopeMessage": null,
    "validator": null,
    "error": null,
    "children": [
        {
            "scopeMessage": null,
            "validator": null,
            "error": "Integer",
            "children": [
                {
                    "scopeMessage": null,
                    "validator": "Equal To",
                    "error": "Must equal to 1",
                    "children": []
                },
                {
                    "scopeMessage": null,
                    "validator": "Equal To",
                    "error": "Must equal to 2",
                    "children": []
                }
            ]
        },
        {
            "scopeMessage": null,
            "validator": null,
            "error": "String",
            "children": [
                {
                    "scopeMessage": null,
                    "validator": "Equal To",
                    "error": "Must equal to ",
                    "children": []
                }
            ]
        }
    ]
}